
> purity-test@1.0.0 build
> next build

   Γû▓ Next.js 15.5.12

   Creating an optimized production build ...
 Γ£ô Compiled successfully in 18.9s
   Linting and checking validity of types ...
node.exe : 
At line:1 char:1
+ & "D:\Program Files\nodejs/node.exe" "D:\Program 
Files\nodejs/node_mo ...
+ ~~~~~~~~~~~~~~~~~~~~~~~~~~~~~~~~~~~~~~~~~~~~~~~~~~~~~~~~~~~~~~~~~
~~~~
    + CategoryInfo          : NotSpecified: (:String) [], RemoteEx 
   ception
    + FullyQualifiedErrorId : NativeCommandError
 
Failed to compile.

./src/components/AboutSection.tsx
68:21  Error: Do not use an `<a>` element to navigate to `/`. Use 
`<Link />` from `next/link` instead. See: 
https://nextjs.org/docs/messages/no-html-link-for-pages  
@next/next/no-html-link-for-pages
68:215  Error: `"` can be escaped with `&quot;`, `&ldquo;`, 
`&#34;`, `&rdquo;`.  react/no-unescaped-entities
68:224  Error: `"` can be escaped with `&quot;`, `&ldquo;`, 
`&#34;`, `&rdquo;`.  react/no-unescaped-entities
68:229  Error: `"` can be escaped with `&quot;`, `&ldquo;`, 
`&#34;`, `&rdquo;`.  react/no-unescaped-entities
68:241  Error: `"` can be escaped with `&quot;`, `&ldquo;`, 
`&#34;`, `&rdquo;`.  react/no-unescaped-entities
71:312  Error: `'` can be escaped with `&apos;`, `&lsquo;`, 
`&#39;`, `&rsquo;`.  react/no-unescaped-entities
71:397  Error: `'` can be escaped with `&apos;`, `&lsquo;`, 
`&#39;`, `&rsquo;`.  react/no-unescaped-entities
71:453  Error: `'` can be escaped with `&apos;`, `&lsquo;`, 
`&#39;`, `&rsquo;`.  react/no-unescaped-entities
74:26  Error: `'` can be escaped with `&apos;`, `&lsquo;`, 
`&#39;`, `&rsquo;`.  react/no-unescaped-entities
74:38  Error: `"` can be escaped with `&quot;`, `&ldquo;`, 
`&#34;`, `&rdquo;`.  react/no-unescaped-entities
74:43  Error: `"` can be escaped with `&quot;`, `&ldquo;`, 
`&#34;`, `&rdquo;`.  react/no-unescaped-entities
74:48  Error: `"` can be escaped with `&quot;`, `&ldquo;`, 
`&#34;`, `&rdquo;`.  react/no-unescaped-entities
74:52  Error: `"` can be escaped with `&quot;`, `&ldquo;`, 
`&#34;`, `&rdquo;`.  react/no-unescaped-entities
74:63  Error: `'` can be escaped with `&apos;`, `&lsquo;`, 
`&#39;`, `&rsquo;`.  react/no-unescaped-entities
74:118  Error: `'` can be escaped with `&apos;`, `&lsquo;`, 
`&#39;`, `&rsquo;`.  react/no-unescaped-entities
74:196  Error: `'` can be escaped with `&apos;`, `&lsquo;`, 
`&#39;`, `&rsquo;`.  react/no-unescaped-entities
86:80  Error: `'` can be escaped with `&apos;`, `&lsquo;`, 
`&#39;`, `&rsquo;`.  react/no-unescaped-entities
89:175  Error: `'` can be escaped with `&apos;`, `&lsquo;`, 
`&#39;`, `&rsquo;`.  react/no-unescaped-entities
89:239  Error: `'` can be escaped with `&apos;`, `&lsquo;`, 
`&#39;`, `&rsquo;`.  react/no-unescaped-entities
89:284  Error: `'` can be escaped with `&apos;`, `&lsquo;`, 
`&#39;`, `&rsquo;`.  react/no-unescaped-entities
101:139  Error: `'` can be escaped with `&apos;`, `&lsquo;`, 
`&#39;`, `&rsquo;`.  react/no-unescaped-entities
101:152  Error: `'` can be escaped with `&apos;`, `&lsquo;`, 
`&#39;`, `&rsquo;`.  react/no-unescaped-entities
104:113  Error: `'` can be escaped with `&apos;`, `&lsquo;`, 
`&#39;`, `&rsquo;`.  react/no-unescaped-entities
105:105  Error: `'` can be escaped with `&apos;`, `&lsquo;`, 
`&#39;`, `&rsquo;`.  react/no-unescaped-entities
107:112  Error: `'` can be escaped with `&apos;`, `&lsquo;`, 
`&#39;`, `&rsquo;`.  react/no-unescaped-entities
107:209  Error: `'` can be escaped with `&apos;`, `&lsquo;`, 
`&#39;`, `&rsquo;`.  react/no-unescaped-entities
108:116  Error: `'` can be escaped with `&apos;`, `&lsquo;`, 
`&#39;`, `&rsquo;`.  react/no-unescaped-entities
108:214  Error: `'` can be escaped with `&apos;`, `&lsquo;`, 
`&#39;`, `&rsquo;`.  react/no-unescaped-entities
109:109  Error: `'` can be escaped with `&apos;`, `&lsquo;`, 
`&#39;`, `&rsquo;`.  react/no-unescaped-entities
112:40  Error: `'` can be escaped with `&apos;`, `&lsquo;`, 
`&#39;`, `&rsquo;`.  react/no-unescaped-entities
112:55  Error: `"` can be escaped with `&quot;`, `&ldquo;`, 
`&#34;`, `&rdquo;`.  react/no-unescaped-entities
112:60  Error: `"` can be escaped with `&quot;`, `&ldquo;`, 
`&#34;`, `&rdquo;`.  react/no-unescaped-entities
112:65  Error: `"` can be escaped with `&quot;`, `&ldquo;`, 
`&#34;`, `&rdquo;`.  react/no-unescaped-entities
112:69  Error: `"` can be escaped with `&quot;`, `&ldquo;`, 
`&#34;`, `&rdquo;`.  react/no-unescaped-entities
112:74  Error: `'` can be escaped with `&apos;`, `&lsquo;`, 
`&#39;`, `&rsquo;`.  react/no-unescaped-entities
112:158  Error: `'` can be escaped with `&apos;`, `&lsquo;`, 
`&#39;`, `&rsquo;`.  react/no-unescaped-entities
112:178  Error: `'` can be escaped with `&apos;`, `&lsquo;`, 
`&#39;`, `&rsquo;`.  react/no-unescaped-entities
124:166  Error: `'` can be escaped with `&apos;`, `&lsquo;`, 
`&#39;`, `&rsquo;`.  react/no-unescaped-entities
124:202  Error: `'` can be escaped with `&apos;`, `&lsquo;`, 
`&#39;`, `&rsquo;`.  react/no-unescaped-entities
124:326  Error: `'` can be escaped with `&apos;`, `&lsquo;`, 
`&#39;`, `&rsquo;`.  react/no-unescaped-entities

info  - Need to disable some ESLint rules? Learn more here: https:/
/nextjs.org/docs/app/api-reference/config/eslint#disabling-rules
